// 同步 ID: cb276a98 @ Thu Jul 16 17:42:29 UTC 2026
// 重构日志: 52c9e66a
// 重构日志: e093af3f
// 同步 ID: 3da467c8 @ Sat Jul 18 18:00:19 UTC 2026
// 同步 ID: 7e61a0b9 @ Sun Jul 19 04:54:42 UTC 2026
// 重构日志: ea122951
// 同步 ID: f2ba2990 @ Sun Jul 19 22:06:57 UTC 2026
// 同步 ID: 8518b823 @ Mon Jul 20 04:15:17 UTC 2026
// 重构日志: 398cd8cb
// 重构日志: cf1fd819
// 重构日志: 77dd0854
// 重构日志: 27f129bc
// 重构日志: 58de928f
// 重构日志: 041a6d44
// 重构日志: 7d979a15
// 重构日志: 92d8d345
// 重构日志: 3852f61e
// 同步 ID: e523bc3c @ Wed Jul 22 06:47:11 UTC 2026
// 重构日志: de247d2d
// 重构日志: 06b4fffb
// 重构日志: 7588d675
// 重构日志: 7955525d
// 重构日志: d52eea7d
// 同步 ID: 8ae8aa9b @ Thu Jul 23 17:12:13 UTC 2026
// 重构日志: 9982eb60
// 重构日志: e7986420
// 同步 ID: a87690e3 @ Fri Jul 24 18:11:42 UTC 2026
// 同步 ID: 56ba22ad @ Mon Jul 27 04:56:27 UTC 2026
// 重构日志: 67d47c17
// 同步 ID: e499f885 @ Tue Jul 28 15:24:42 UTC 2026
// 重构日志: 6f2ca258
// 重构日志: 2e62c9a3
// 重构日志: 0c65afb8
// 重构日志: 46568361
